 WoG_Native_Dialogs

 Timestamp is 5a462d22 (Fri Dec 29 14:55:14 2017)

 Preferred load address is 10000000

 Start         Length     Name                   Class
 0001:00000000 0001215cH .text                   CODE
 0002:00000000 00000118H .idata$5                DATA
 0002:00000118 00000004H .CRT$XCA                DATA
 0002:0000011c 00000004H .CRT$XCZ                DATA
 0002:00000120 00000004H .CRT$XIA                DATA
 0002:00000124 00000010H .CRT$XIC                DATA
 0002:00000134 00000004H .CRT$XIZ                DATA
 0002:00000138 00000004H .CRT$XPA                DATA
 0002:0000013c 00000004H .CRT$XPX                DATA
 0002:00000140 00000004H .CRT$XPXA               DATA
 0002:00000144 00000004H .CRT$XPZ                DATA
 0002:00000148 00000004H .CRT$XTA                DATA
 0002:0000014c 00000004H .CRT$XTZ                DATA
 0002:00000150 00001510H .rdata                  DATA
 0002:00001660 0000005eH .rdata$debug            DATA
 0002:000016c0 0000000cH .rdata$sxdata           DATA
 0002:000016cc 00000004H .rtc$IAA                DATA
 0002:000016d0 00000004H .rtc$IZZ                DATA
 0002:000016d4 00000004H .rtc$TAA                DATA
 0002:000016d8 00000004H .rtc$TZZ                DATA
 0002:000016e0 000003b4H .xdata$x                DATA
 0002:00001a94 00000014H .idata$2                DATA
 0002:00001aa8 00000014H .idata$3                DATA
 0002:00001abc 00000118H .idata$4                DATA
 0002:00001bd4 000004faH .idata$6                DATA
 0002:000020ce 00000000H .edata                  DATA
 0003:00000000 00001248H .data                   DATA
 0003:00001260 00001c58H .bss                    DATA

  Address         Publics by Value              Rva+Base       Lib:Object

 0000:00000000       __except_list              00000000     <absolute>
 0000:00000003       ___safe_se_handler_count   00000003     <absolute>
 0000:00000000       ___ImageBase               10000000     <linker-defined>
 0001:00000000       ?WriteCodePatch@PatcherInstance@@QAAPAVPatch@@IPADZZ 10001000 f i WoG_Native_Dialogs.obj
 0001:00000020       ?Redraw@_Dlg_@@QAEXH@Z     10001020 f i WoG_Native_Dialogs.obj
 0001:00000040       ?Create@_DlgStaticDef_@@SAPAU1@HHHPADHHH@Z 10001040 f i WoG_Native_Dialogs.obj
 0001:000000a0       ?b_MsgBox@@YAHPADH@Z       100010a0 f i WoG_Native_Dialogs.obj
 0001:000000d0       ?b_MsgBoxD@@YAHPADHHH@Z    100010d0 f i WoG_Native_Dialogs.obj
 0001:00000110       ?Get_ITxtExp@@YAPADH@Z     10001110 f i WoG_Native_Dialogs.obj
 0001:00000130       ?Set_DlgBackground_RK@@YAHPAU_Dlg_@@HH@Z 10001130 f   WoG_Native_Dialogs.obj
 0001:00000710       ?b_MsgBoxAndDef@@YAXPADH0@Z 10001710 f   WoG_Native_Dialogs.obj
 0001:00000980       ?e_ClickSound@@YAXXZ       10001980 f i WoG_Native_Dialogs.obj
 0001:000009d0       ?Y_New_CommanderDlg_Proc@@YGHPAU_Dlg_@@PAU_DlgMsg_@@@Z 100019d0 f   WoG_Native_Dialogs.obj
 0001:000018b0       ?Y_New_CommanderDlg_Show@@YAHH_N0@Z 100028b0 f   WoG_Native_Dialogs.obj
 0001:00003370       ?New_Dlg_ExpaMon_Case8@@YAHH@Z 10004370 f   WoG_Native_Dialogs.obj
 0001:00003c90       ?New_Dlg_ExpaMon_BannerDlg_Proc@@YGHPAU_Dlg_@@PAU_DlgMsg_@@@Z 10004c90 f   WoG_Native_Dialogs.obj
 0001:00003d70       ?New_Dlg_ExpaMon_BannerDlg@@YAHXZ 10004d70 f   WoG_Native_Dialogs.obj
 0001:00004160       ?New_Dlg_ExpaMon_Proc@@YGHPAU_Dlg_@@PAU_DlgMsg_@@@Z 10005160 f   WoG_Native_Dialogs.obj
 0001:000045c0       ?New_Dlg_ExpaMon@@YAHHHHI@Z 100055c0 f   WoG_Native_Dialogs.obj
 0001:00005160       ?Y_ChangeBmp_To_DefFrame@@YAHXZ 10006160 f   WoG_Native_Dialogs.obj
 0001:000059d0       ?New_Dlg_IF_G_Proc@@YGHPAU_Dlg_@@PAU_DlgMsg_@@@Z 100069d0 f   WoG_Native_Dialogs.obj
 0001:00005b10       ?New_Dlg_IF_G@@YAHHHHHH@Z  10006b10 f   WoG_Native_Dialogs.obj
 0001:00005f40       ?New_Dlg_ExpaMon_Lo@@YGHPAVLoHook@@PAUHookContext@@@Z 10006f40 f   WoG_Native_Dialogs.obj
 0001:00005f80       ?New_Dlg_ExpaMon_Lo_IsBattle@@YGHPAVLoHook@@PAUHookContext@@@Z 10006f80 f   WoG_Native_Dialogs.obj
 0001:00005fa0       ?New_Dlg_ExpaMon_NULL@@YGHPAVLoHook@@PAUHookContext@@@Z 10006fa0 f   WoG_Native_Dialogs.obj
 0001:00005fb0       ?Y_Dlg_CommanderWoG@@YGHPAVHiHook@@PAU_Npc_@@HHH@Z 10006fb0 f   WoG_Native_Dialogs.obj
 0001:00006000       ?Y_DlgNPC_SetResult@@YGHPAVLoHook@@PAUHookContext@@@Z 10007000 f   WoG_Native_Dialogs.obj
 0001:00006090       ?New_Dlg_IF_G_Lo@@YGHPAVLoHook@@PAUHookContext@@@Z 10007090 f   WoG_Native_Dialogs.obj
 0001:000060d0       _DllMain@12                100070d0 f   WoG_Native_Dialogs.obj
 0001:00006220       ?RemoveItem@_Dlg_@@QAEXPAU_DlgItem_@@@Z 10007220 f   HoMM3_GUI.obj
 0001:00006330       ?RedrawScreen@_DlgItem_@@QAEXXZ 10007330 f   HoMM3_GUI.obj
 0001:00006360       ?Create@_CustomDlg_@@SAPAU_Dlg_@@HHHHIP6GHPAU2@PAU_DlgMsg_@@@Z@Z 10007360 f   HoMM3_GUI.obj
 0001:000063b0       ?DlgProcBridge@_CustomDlg_@@SIHPAV1@IPAU_DlgMsg_@@@Z 100073b0 f   HoMM3_GUI.obj
 0001:000063c9       @__security_check_cookie@4 100073c9 f   LIBCMT:secchk.obj
 0001:000063d8       _sprintf                   100073d8 f   LIBCMT:sprintf.obj
 0001:00006455       __CRT_INIT@12              10007455 f   LIBCMT:dllcrt0.obj
 0001:00006680       __DllMainCRTStartup@12     10007680 f   LIBCMT:dllcrt0.obj
 0001:000066a3       ___report_gsfailure        100076a3 f   LIBCMT:gs_report.obj
 0001:000067a9       __flsbuf                   100077a9 f   LIBCMT:_flsbuf.obj
 0001:0000690d       ??0_LocaleUpdate@@QAE@PAUlocaleinfo_struct@@@Z 1000790d f i LIBCMT:output.obj
 0001:00006a3a       __output_l                 10007a3a f   LIBCMT:output.obj
 0001:000075d2       __initp_misc_invarg        100085d2 f   LIBCMT:invarg.obj
 0001:000075e1       __invoke_watson            100085e1 f   LIBCMT:invarg.obj
 0001:00007709       __invalid_parameter        10008709 f   LIBCMT:invarg.obj
 0001:0000772f       __get_errno_from_oserr     1000872f f   LIBCMT:dosmap.obj
 0001:00007771       __errno                    10008771 f   LIBCMT:dosmap.obj
 0001:00007784       ___doserrno                10008784 f   LIBCMT:dosmap.obj
 0001:00007797       __dosmaperr                10008797 f   LIBCMT:dosmap.obj
 0001:000077ba       __encode_pointer           100087ba f   LIBCMT:tidtable.obj
 0001:0000782c       __encoded_null             1000882c f   LIBCMT:tidtable.obj
 0001:00007835       __decode_pointer           10008835 f   LIBCMT:tidtable.obj
 0001:000078a7       ___crtTlsAlloc@4           100088a7 f   LIBCMT:tidtable.obj
 0001:000078b0       ___set_flsgetvalue         100088b0 f   LIBCMT:tidtable.obj
 0001:000078e4       __mtterm                   100088e4 f   LIBCMT:tidtable.obj
 0001:00007921       __initptd                  10008921 f   LIBCMT:tidtable.obj
 0001:00007a08       __getptd_noexit            10008a08 f   LIBCMT:tidtable.obj
 0001:00007a81       __getptd                   10008a81 f   LIBCMT:tidtable.obj
 0001:00007a9b       __freefls@4                10008a9b f   LIBCMT:tidtable.obj
 0001:00007bca       __freeptd                  10008bca f   LIBCMT:tidtable.obj
 0001:00007c38       __mtinit                   10008c38 f   LIBCMT:tidtable.obj
 0001:00007dc5       _free                      10008dc5 f   LIBCMT:free.obj
 0001:00007e53       __malloc_crt               10008e53 f   LIBCMT:crtheap.obj
 0001:00007e98       __calloc_crt               10008e98 f   LIBCMT:crtheap.obj
 0001:00007ee4       __realloc_crt              10008ee4 f   LIBCMT:crtheap.obj
 0001:00007f32       __crt_waiting_on_module_handle 10008f32 f   LIBCMT:crt0dat.obj
 0001:00007f62       __amsg_exit                10008f62 f   LIBCMT:crt0dat.obj
 0001:00007f8b       ___crtCorExitProcess       10008f8b f   LIBCMT:crt0dat.obj
 0001:00007fb6       ___crtExitProcess          10008fb6 f   LIBCMT:crt0dat.obj
 0001:00007fce       __lockexit                 10008fce f   LIBCMT:crt0dat.obj
 0001:00007fd7       __unlockexit               10008fd7 f   LIBCMT:crt0dat.obj
 0001:00007ffd       __initterm_e               10008ffd f   LIBCMT:crt0dat.obj
 0001:00008021       __cinit                    10009021 f   LIBCMT:crt0dat.obj
 0001:000081d2       __exit                     100091d2 f   LIBCMT:crt0dat.obj
 0001:000081e8       __cexit                    100091e8 f   LIBCMT:crt0dat.obj
 0001:000081f7       __init_pointers            100091f7 f   LIBCMT:crt0dat.obj
 0001:00008245       __ioinit                   10009245 f   LIBCMT:ioinit.obj
 0001:00008499       __ioterm                   10009499 f   LIBCMT:ioinit.obj
 0001:000084e7       __setenvp                  100094e7 f   LIBCMT:stdenvp.obj
 0001:0000875f       __setargv                  1000975f f   LIBCMT:stdargv.obj
 0001:0000881a       ___crtGetEnvironmentStringsA 1000981a f   LIBCMT:a_env.obj
 0001:00008951       __RTC_Initialize           10009951 f   LIBCMT:_initsect_.obj
 0001:00008977       __RTC_Terminate            10009977 f   LIBCMT:_initsect_.obj
 0001:0000899d       __heap_init                1000999d f   LIBCMT:heapinit.obj
 0001:000089cd       __heap_term                100099cd f   LIBCMT:heapinit.obj
 0001:00008a41       __initp_misc_winxfltr      10009a41 f   LIBCMT:winxfltr.obj
 0001:00008a41       __fpclear                  10009a41 f   LIBCMT:_fpinit_.obj
 0001:00008a42       __XcptFilter               10009a42 f   LIBCMT:winxfltr.obj
 0001:00008ba2       ___CppXcptFilter           10009ba2 f   LIBCMT:winxfltr.obj
 0001:00008bc4       __SEH_prolog4              10009bc4 f   LIBCMT:sehprolg4.obj
 0001:00008c09       __SEH_epilog4              10009c09 f   LIBCMT:sehprolg4.obj
 0001:00008c20       __except_handler4          10009c20 f   LIBCMT:chandler4.obj
 0001:00008dac       ___security_init_cookie    10009dac f   LIBCMT:gs_support.obj
 0001:00008e42       __crt_debugger_hook        10009e42 f   LIBCMT:dbghook.obj
 0001:00008e4a       __lseeki64_nolock          10009e4a f   LIBCMT:lseeki64.obj
 0001:00008ecf       __lseeki64                 10009ecf f   LIBCMT:lseeki64.obj
 0001:00008fe8       __write_nolock             10009fe8 f   LIBCMT:write.obj
 0001:0000971b       __write                    1000a71b f   LIBCMT:write.obj
 0001:000097f7       __getbuf                   1000a7f7 f   LIBCMT:_getbuf.obj
 0001:00009840       __isatty                   1000a840 f   LIBCMT:isatty.obj
 0001:000098a4       ___iob_func                1000a8a4 f   LIBCMT:_file.obj
 0001:000098aa       ___initstdio               1000a8aa f   LIBCMT:_file.obj
 0001:0000995b       ___endstdio                1000a95b f   LIBCMT:_file.obj
 0001:0000997b       __lock_file                1000a97b f   LIBCMT:_file.obj
 0001:000099bc       __lock_file2               1000a9bc f   LIBCMT:_file.obj
 0001:000099ee       __unlock_file              1000a9ee f   LIBCMT:_file.obj
 0001:00009a2a       __unlock_file2             1000aa2a f   LIBCMT:_file.obj
 0001:00009a59       __fileno                   1000aa59 f   LIBCMT:fileno.obj
 0001:00009cb1       ___updatetmbcinfo          1000acb1 f   LIBCMT:mbctype.obj
 0001:00009dd1       __setmbcp_nolock           1000add1 f   LIBCMT:mbctype.obj
 0001:00009fb6       __setmbcp                  1000afb6 f   LIBCMT:mbctype.obj
 0001:0000a150       ___initmbctable            1000b150 f   LIBCMT:mbctype.obj
 0001:0000a16e       ___freetlocinfo            1000b16e f   LIBCMT:setlocal.obj
 0001:0000a2b7       ___addlocaleref            1000b2b7 f   LIBCMT:setlocal.obj
 0001:0000a346       ___removelocaleref         1000b346 f   LIBCMT:setlocal.obj
 0001:0000a41d       ___updatetlocinfo          1000b41d f   LIBCMT:setlocal.obj
 0001:0000a493       __initp_misc_cfltcvt_tab   1000b493 f   LIBCMT:cmiscdat.obj
 0001:0000a4b4       __get_printf_count_output  1000b4b4 f   LIBCMT:printf.obj
 0001:0000a4d0       _strlen                    1000b4d0 f   LIBCMT:strlen.obj
 0001:0000a55b       __wctomb_s_l               1000b55b f   LIBCMT:wctomb.obj
 0001:0000a6c7       _wctomb_s                  1000b6c7 f   LIBCMT:wctomb.obj
 0001:0000a6e4       __isleadbyte_l             1000b6e4 f i LIBCMT:_wctype.obj
 0001:0000a71c       _isleadbyte                1000b71c f i LIBCMT:_wctype.obj
 0001:0000a730       __aulldvrm                 1000b730 f   LIBCMT:ulldvrm.obj
 0001:0000a7d0       _memset                    1000b7d0 f   LIBCMT:memset.obj
 0001:0000a84a       __mtinitlocks              1000b84a f   LIBCMT:mlock.obj
 0001:0000a895       __mtdeletelocks            1000b895 f   LIBCMT:mlock.obj
 0001:0000a8ec       __unlock                   1000b8ec f   LIBCMT:mlock.obj
 0001:0000a903       __mtinitlocknum            1000b903 f   LIBCMT:mlock.obj
 0001:0000a9c6       __lock                     1000b9c6 f   LIBCMT:mlock.obj
 0001:0000a9f9       ___sbh_find_block          1000b9f9 f   LIBCMT:sbheap.obj
 0001:0000aa29       ___sbh_free_block          1000ba29 f   LIBCMT:sbheap.obj
 0001:0000ad3f       ___sbh_alloc_new_region    1000bd3f f   LIBCMT:sbheap.obj
 0001:0000adef       ___sbh_alloc_new_group     1000bdef f   LIBCMT:sbheap.obj
 0001:0000aef7       ___sbh_resize_block        1000bef7 f   LIBCMT:sbheap.obj
 0001:0000b1d8       ___sbh_alloc_block         1000c1d8 f   LIBCMT:sbheap.obj
 0001:0000b4bd       _V6_HeapAlloc              1000c4bd f   LIBCMT:malloc.obj
 0001:0000b50c       _malloc                    1000c50c f   LIBCMT:malloc.obj
 0001:0000b5d6       __calloc_impl              1000c5d6 f   LIBCMT:calloc_impl.obj
 0001:0000b6f4       _realloc                   1000c6f4 f   LIBCMT:realloc.obj
 0001:0000b90f       __NMSG_WRITE               1000c90f f   LIBCMT:crt0msg.obj
 0001:0000baba       __FF_MSGBANNER             1000caba f   LIBCMT:crt0msg.obj
 0001:0000bbad       ___onexitinit              1000cbad f   LIBCMT:onexit.obj
 0001:0000bbde       __onexit                   1000cbde f   LIBCMT:onexit.obj
 0001:0000bc1a       _atexit                    1000cc1a f   LIBCMT:onexit.obj
 0001:0000bc40       __ValidateImageBase        1000cc40 f   LIBCMT:pesect.obj
 0001:0000bc80       __FindPESection            1000cc80 f   LIBCMT:pesect.obj
 0001:0000bcd0       __IsNonwritableInCurrentImage 1000ccd0 f   LIBCMT:pesect.obj
 0001:0000bd8d       ?terminate@@YAXXZ          1000cd8d f   LIBCMT:hooks.obj
 0001:0000bdc6       __initp_eh_hooks           1000cdc6 f   LIBCMT:hooks.obj
 0001:0000bdd7       __initp_misc_winsig        1000cdd7 f   LIBCMT:winsig.obj
 0001:0000be2c       ___get_sigabrt             1000ce2c f   LIBCMT:winsig.obj
 0001:0000be39       _raise                     1000ce39 f   LIBCMT:winsig.obj
 0001:0000bfe9       __initp_misc_rand_s        1000cfe9 f   LIBCMT:rand_s.obj
 0001:0000bff8       __initp_misc_purevirt      1000cff8 f   LIBCMT:inithelp.obj
 0001:0000c007       __initp_misc_initcrit      1000d007 f   LIBCMT:initcrit.obj
 0001:0000c016       ___crtInitCritSecAndSpinCount 1000d016 f   LIBCMT:initcrit.obj
 0001:0000c076       __initp_heap_handler       1000d076 f   LIBCMT:handler.obj
 0001:0000c085       __callnewh                 1000d085 f   LIBCMT:handler.obj
 0001:0000c0ad       _strcpy_s                  1000d0ad f   LIBCMT:strcpy_s.obj
 0001:0000c168       __ismbblead                1000d168 f   LIBCMT:ismbbyte.obj
 0001:0000c180       _memcpy                    1000d180 f   LIBCMT:memcpy.obj
 0001:0000c4e8       __local_unwind4            1000d4e8 f   LIBCMT:exsup4.obj
 0001:0000c5be       __seh_longjmp_unwind4@4    1000d5be f   LIBCMT:exsup4.obj
 0001:0000c5da       @_EH4_CallFilterFunc@8     1000d5da f   LIBCMT:exsup4.obj
 0001:0000c5f1       @_EH4_TransferToHandler@8  1000d5f1 f   LIBCMT:exsup4.obj
 0001:0000c60a       @_EH4_GlobalUnwind@4       1000d60a f   LIBCMT:exsup4.obj
 0001:0000c624       @_EH4_LocalUnwind@16       1000d624 f   LIBCMT:exsup4.obj
 0001:0000c63b       __free_osfhnd              1000d63b f   LIBCMT:osfinfo.obj
 0001:0000c6c1       __get_osfhandle            1000d6c1 f   LIBCMT:osfinfo.obj
 0001:0000c738       ___lock_fhandle            1000d738 f   LIBCMT:osfinfo.obj
 0001:0000c7d8       __unlock_fhandle           1000d7d8 f   LIBCMT:osfinfo.obj
 0001:0000c7ff       __putwch_nolock            1000d7ff f   LIBCMT:putwch.obj
 0001:0000c8c4       __mbtowc_l                 1000d8c4 f   LIBCMT:mbtowc.obj
 0001:0000c9db       _mbtowc                    1000d9db f   LIBCMT:mbtowc.obj
 0001:0000ca00       __alloca_probe             1000da00     LIBCMT:chkstk.obj
 0001:0000ca00       __chkstk                   1000da00 f   LIBCMT:chkstk.obj
 0001:0000ca2b       __fcloseall                1000da2b f   LIBCMT:closeall.obj
 0001:0000caca       __flush                    1000daca f   LIBCMT:fflush.obj
 0001:0000cb32       __fflush_nolock            1000db32 f   LIBCMT:fflush.obj
 0001:0000cc54       __flushall                 1000dc54 f   LIBCMT:fflush.obj
 0001:0000cc5d       __freea                    1000dc5d f i LIBCMT:a_map.obj
 0001:0000d022       ___crtLCMapStringA         1000e022 f   LIBCMT:a_map.obj
 0001:0000d221       ___crtGetStringTypeA       1000e221 f   LIBCMT:a_str.obj
 0001:0000d263       ___free_lc_time            1000e263 f   LIBCMT:inittime.obj
 0001:0000d3f8       ___free_lconv_num          1000e3f8 f   LIBCMT:initnum.obj
 0001:0000d43d       ___free_lconv_mon          1000e43d f   LIBCMT:initmon.obj
 0001:0000d4cb       _strcat_s                  1000e4cb f   LIBCMT:strcat_s.obj
 0001:0000d540       _strcspn                   1000e540 f   LIBCMT:strcspn.obj
 0001:0000d586       _strncpy_s                 1000e586 f   LIBCMT:strncpy_s.obj
 0001:0000d640       _strcmp                    1000e640 f   LIBCMT:strcmp.obj
 0001:0000d6d0       _strpbrk                   1000e6d0 f   LIBCMT:strpbrk.obj
 0001:0000d710       __fptrap                   1000e710 f   LIBCMT:crt0fp.obj
 0001:0000d770       __VEC_memzero              1000e770 f   LIBCMT:p4_memset.obj
 0001:0000d84f       __get_sse2_info            1000e84f f   LIBCMT:cpu_disp.obj
 0001:0000d8b1       ___sse2_available_init     1000e8b1 f   LIBCMT:cpu_disp.obj
 0001:0000daed       _strtol                    1000eaed f   LIBCMT:strtol.obj
 0001:0000db20       _memmove                   1000eb20 f   LIBCMT:memmove.obj
 0001:0000de85       __msize                    1000ee85 f   LIBCMT:msize.obj
 0001:0000df28       ___crtMessageBoxA          1000ef28 f   LIBCMT:crtmbox.obj
 0001:0000e091       __set_error_mode           1000f091 f   LIBCMT:errmode.obj
 0001:0000e0dc       _abort                     1000f0dc f   LIBCMT:abort.obj
 0001:0000e1f3       __isdigit_l                1000f1f3 f i LIBCMT:_ctype.obj
 0001:0000e244       _isdigit                   1000f244 f i LIBCMT:_ctype.obj
 0001:0000e2f9       __VEC_memcpy               1000f2f9 f   LIBCMT:p4_memcpy.obj
 0001:0000e3dc       __global_unwind2           1000f3dc f   LIBCMT:exsup.obj
 0001:0000e441       __local_unwind2            1000f441 f   LIBCMT:exsup.obj
 0001:0000e4c5       __abnormal_termination     1000f4c5 f   LIBCMT:exsup.obj
 0001:0000e4e8       __NLG_Notify1              1000f4e8 f   LIBCMT:exsup.obj
 0001:0000e4f1       __NLG_Notify               1000f4f1 f   LIBCMT:exsup.obj
 0001:0000e508       __NLG_Dispatch             1000f508     LIBCMT:exsup.obj
 0001:0000e508       __NLG_Dispatch2            1000f508     LIBCMT:exsup.obj
 0001:0000e510       __NLG_Call                 1000f510 f   LIBCMT:exsup.obj
 0001:0000e512       __NLG_Return2              1000f512     LIBCMT:exsup.obj
 0001:0000e513       ___initconout              1000f513 f   LIBCMT:initcon.obj
 0001:0000e532       ___termcon                 1000f532 f   LIBCMT:initcon.obj
 0001:0000e55f       __fclose_nolock            1000f55f f   LIBCMT:fclose.obj
 0001:0000e5d6       _fclose                    1000f5d6 f   LIBCMT:fclose.obj
 0001:0000e652       __commit                   1000f652 f   LIBCMT:commit.obj
 0001:0000e733       ___ansicp                  1000f733 f   LIBCMT:convrtcp.obj
 0001:0000e77c       ___convertcp               1000f77c f   LIBCMT:convrtcp.obj
 0001:0000e930       __alloca_probe_16          1000f930 f   LIBCMT:alloca16.obj
 0001:0000e946       __alloca_probe_8           1000f946     LIBCMT:alloca16.obj
 0001:0000e95c       _atol                      1000f95c f   LIBCMT:atox.obj
 0001:0000e972       __isctype_l                1000f972 f   LIBCMT:isctype.obj
 0001:0000ea2a       __close_nolock             1000fa2a f   LIBCMT:close.obj
 0001:0000eac6       __close                    1000fac6 f   LIBCMT:close.obj
 0001:0000eb93       __freebuf                  1000fb93 f   LIBCMT:_freebuf.obj
 0001:0000ebc4       __tolower_l                1000fbc4 f   LIBCMT:tolower.obj
 0001:0000ecd9       _tolower                   1000fcd9 f   LIBCMT:tolower.obj
 0001:0000ed10       ___ascii_strnicmp          1000fd10 f   LIBCMT:_strnicm.obj
 0001:0000ed80       __allmul                   1000fd80 f   LIBCMT:llmul.obj
 0001:0000edd0       _strchr                    1000fdd0 f   LIBCMT:strchr.obj
 0001:0000edd6       ___from_strstr_to_strchr   1000fdd6     LIBCMT:strchr.obj
 0001:0000ee8e       _RtlUnwind@16              1000fe8e f   kernel32:KERNEL32.dll
 0001:0000ee94       __cfltcvt_init             1000fe94 f   LIBCMT:_fpinit_.obj
 0001:0000eef4       __fpmath                   1000fef4 f   LIBCMT:_fpinit_.obj
 0001:0000ef20       __ftol2_sse                1000ff20 f   LIBCMT:ftol2.obj
 0001:0000ef29       __ftol2_pentium4           1000ff29 f   LIBCMT:ftol2.obj
 0001:0000ef3c       __ftol2_sse_excpt          1000ff3c f   LIBCMT:ftol2.obj
 0001:0000ef56       __ftol2                    1000ff56 f   LIBCMT:ftol2.obj
 0001:0000efcb       __forcdecpt_l              1000ffcb f   LIBCMT:cvt.obj
 0001:0000f03e       __cropzeros_l              1001003e f   LIBCMT:cvt.obj
 0001:0000f0c0       __positive                 100100c0 f   LIBCMT:cvt.obj
 0001:0000f0dc       __fassign_l                100100dc f   LIBCMT:cvt.obj
 0001:0000f11e       __fassign                  1001011e f   LIBCMT:cvt.obj
 0001:0000f157       __forcdecpt                10010157 f   LIBCMT:cvt.obj
 0001:0000f16a       __cropzeros                1001016a f   LIBCMT:cvt.obj
 0001:0000f2ec       __cftoe_l                  100102ec f   LIBCMT:cvt.obj
 0001:0000f3bc       __cftoe                    100103bc f   LIBCMT:cvt.obj
 0001:0000f3dc       __cftoa_l                  100103dc f   LIBCMT:cvt.obj
 0001:0000f846       __cftof_l                  10010846 f   LIBCMT:cvt.obj
 0001:0000f901       __cftog_l                  10010901 f   LIBCMT:cvt.obj
 0001:0000f9fb       __cfltcvt_l                100109fb f   LIBCMT:cvt.obj
 0001:0000fa83       __cfltcvt                  10010a83 f   LIBCMT:cvt.obj
 0001:0000faa6       __setdefaultprecision      10010aa6 f   LIBCMT:fp8.obj
 0001:0000fad1       __ms_p5_test_fdiv          10010ad1 f   LIBCMT:_testfdiv_.obj
 0001:0000fb0f       __ms_p5_mp_test_fdiv       10010b0f f   LIBCMT:_testfdiv_.obj
 0001:0000fb40       _strrchr                   10010b40 f   LIBCMT:strrchr.obj
 0001:0000fb6d       __atodbl_l                 10010b6d f   LIBCMT:atodbl.obj
 0001:0000fc15       __atoflt_l                 10010c15 f   LIBCMT:atodbl.obj
 0001:0000fcbd       __fptostr                  10010cbd f   LIBCMT:_fptostr.obj
 0001:0000fd7c       ___dtold                   10010d7c f   LIBCMT:_cfout_.obj
 0001:0000fe39       __fltout2                  10010e39 f   LIBCMT:_cfout_.obj
 0001:0000fed0       __alldvrm                  10010ed0 f   LIBCMT:lldvrm.obj
 0001:0000ffb0       __aullshr                  10010fb0 f   LIBCMT:ullshr.obj
 0001:0000ffcf       __controlfp_s              10010fcf f   LIBCMT:_contrlfp_.obj
 0001:0001003b       __ld12tod                  1001103b f   LIBCMT:_intrncvt_.obj
 0001:0001057f       __ld12tof                  1001157f f   LIBCMT:_intrncvt_.obj
 0001:00010ac3       ___strgtold12_l            10011ac3 f   LIBCMT:_strgtold_.obj
 0001:000111bb       _$I10_OUTPUT               100121bb f   LIBCMT:_x10fout_.obj
 0001:00011c0d       __control87                10012c0d f i LIBCMT:_ieee87_.obj
 0001:00011f1c       ___mtold12                 10012f1c f   LIBCMT:_mantold_.obj
 0001:000120ea       ___set_fpsr_sse2           100130ea f   LIBCMT:_fpctrl_.obj
 0002:00000000       __imp__GetProcAddress@8    10014000     kernel32:KERNEL32.dll
 0002:00000004       __imp__LoadLibraryA@4      10014004     kernel32:KERNEL32.dll
 0002:00000008       __imp__CreateFileA@28      10014008     kernel32:KERNEL32.dll
 0002:0000000c       __imp__SetFilePointer@16   1001400c     kernel32:KERNEL32.dll
 0002:00000010       __imp__CloseHandle@4       10014010     kernel32:KERNEL32.dll
 0002:00000014       __imp__GetCurrentThreadId@0 10014014     kernel32:KERNEL32.dll
 0002:00000018       __imp__GetCommandLineA@0   10014018     kernel32:KERNEL32.dll
 0002:0000001c       __imp__TerminateProcess@8  1001401c     kernel32:KERNEL32.dll
 0002:00000020       __imp__GetCurrentProcess@0 10014020     kernel32:KERNEL32.dll
 0002:00000024       __imp__UnhandledExceptionFilter@4 10014024     kernel32:KERNEL32.dll
 0002:00000028       __imp__SetUnhandledExceptionFilter@4 10014028     kernel32:KERNEL32.dll
 0002:0000002c       __imp__IsDebuggerPresent@0 1001402c     kernel32:KERNEL32.dll
 0002:00000030       __imp__GetModuleHandleW@4  10014030     kernel32:KERNEL32.dll
 0002:00000034       __imp__TlsGetValue@4       10014034     kernel32:KERNEL32.dll
 0002:00000038       __imp__TlsAlloc@0          10014038     kernel32:KERNEL32.dll
 0002:0000003c       __imp__TlsSetValue@8       1001403c     kernel32:KERNEL32.dll
 0002:00000040       __imp__TlsFree@4           10014040     kernel32:KERNEL32.dll
 0002:00000044       __imp__InterlockedIncrement@4 10014044     kernel32:KERNEL32.dll
 0002:00000048       __imp__SetLastError@4      10014048     kernel32:KERNEL32.dll
 0002:0000004c       __imp__GetLastError@0      1001404c     kernel32:KERNEL32.dll
 0002:00000050       __imp__InterlockedDecrement@4 10014050     kernel32:KERNEL32.dll
 0002:00000054       __imp__HeapFree@12         10014054     kernel32:KERNEL32.dll
 0002:00000058       __imp__Sleep@4             10014058     kernel32:KERNEL32.dll
 0002:0000005c       __imp__ExitProcess@4       1001405c     kernel32:KERNEL32.dll
 0002:00000060       __imp__SetHandleCount@4    10014060     kernel32:KERNEL32.dll
 0002:00000064       __imp__GetStdHandle@4      10014064     kernel32:KERNEL32.dll
 0002:00000068       __imp__GetFileType@4       10014068     kernel32:KERNEL32.dll
 0002:0000006c       __imp__GetStartupInfoA@4   1001406c     kernel32:KERNEL32.dll
 0002:00000070       __imp__DeleteCriticalSection@4 10014070     kernel32:KERNEL32.dll
 0002:00000074       __imp__GetModuleFileNameA@12 10014074     kernel32:KERNEL32.dll
 0002:00000078       __imp__FreeEnvironmentStringsA@4 10014078     kernel32:KERNEL32.dll
 0002:0000007c       __imp__GetEnvironmentStrings@0 1001407c     kernel32:KERNEL32.dll
 0002:00000080       __imp__FreeEnvironmentStringsW@4 10014080     kernel32:KERNEL32.dll
 0002:00000084       __imp__WideCharToMultiByte@32 10014084     kernel32:KERNEL32.dll
 0002:00000088       __imp__GetEnvironmentStringsW@0 10014088     kernel32:KERNEL32.dll
 0002:0000008c       __imp__HeapCreate@12       1001408c     kernel32:KERNEL32.dll
 0002:00000090       __imp__HeapDestroy@4       10014090     kernel32:KERNEL32.dll
 0002:00000094       __imp__VirtualFree@12      10014094     kernel32:KERNEL32.dll
 0002:00000098       __imp__QueryPerformanceCounter@4 10014098     kernel32:KERNEL32.dll
 0002:0000009c       __imp__GetTickCount@0      1001409c     kernel32:KERNEL32.dll
 0002:000000a0       __imp__GetCurrentProcessId@0 100140a0     kernel32:KERNEL32.dll
 0002:000000a4       __imp__GetSystemTimeAsFileTime@4 100140a4     kernel32:KERNEL32.dll
 0002:000000a8       __imp__WriteFile@20        100140a8     kernel32:KERNEL32.dll
 0002:000000ac       __imp__GetConsoleCP@0      100140ac     kernel32:KERNEL32.dll
 0002:000000b0       __imp__GetConsoleMode@8    100140b0     kernel32:KERNEL32.dll
 0002:000000b4       __imp__EnterCriticalSection@4 100140b4     kernel32:KERNEL32.dll
 0002:000000b8       __imp__LeaveCriticalSection@4 100140b8     kernel32:KERNEL32.dll
 0002:000000bc       __imp__GetCPInfo@8         100140bc     kernel32:KERNEL32.dll
 0002:000000c0       __imp__GetACP@0            100140c0     kernel32:KERNEL32.dll
 0002:000000c4       __imp__GetOEMCP@0          100140c4     kernel32:KERNEL32.dll
 0002:000000c8       __imp__IsValidCodePage@4   100140c8     kernel32:KERNEL32.dll
 0002:000000cc       __imp__HeapAlloc@12        100140cc     kernel32:KERNEL32.dll
 0002:000000d0       __imp__VirtualAlloc@16     100140d0     kernel32:KERNEL32.dll
 0002:000000d4       __imp__HeapReAlloc@16      100140d4     kernel32:KERNEL32.dll
 0002:000000d8       __imp__InitializeCriticalSectionAndSpinCount@8 100140d8     kernel32:KERNEL32.dll
 0002:000000dc       __imp__RtlUnwind@16        100140dc     kernel32:KERNEL32.dll
 0002:000000e0       __imp__SetStdHandle@8      100140e0     kernel32:KERNEL32.dll
 0002:000000e4       __imp__WriteConsoleA@20    100140e4     kernel32:KERNEL32.dll
 0002:000000e8       __imp__GetConsoleOutputCP@0 100140e8     kernel32:KERNEL32.dll
 0002:000000ec       __imp__WriteConsoleW@20    100140ec     kernel32:KERNEL32.dll
 0002:000000f0       __imp__MultiByteToWideChar@24 100140f0     kernel32:KERNEL32.dll
 0002:000000f4       __imp__LCMapStringA@24     100140f4     kernel32:KERNEL32.dll
 0002:000000f8       __imp__LCMapStringW@24     100140f8     kernel32:KERNEL32.dll
 0002:000000fc       __imp__GetStringTypeA@20   100140fc     kernel32:KERNEL32.dll
 0002:00000100       __imp__GetStringTypeW@16   10014100     kernel32:KERNEL32.dll
 0002:00000104       __imp__GetLocaleInfoA@16   10014104     kernel32:KERNEL32.dll
 0002:00000108       __imp__HeapSize@12         10014108     kernel32:KERNEL32.dll
 0002:0000010c       __imp__FlushFileBuffers@4  1001410c     kernel32:KERNEL32.dll
 0002:00000110       __imp__GetModuleHandleA@4  10014110     kernel32:KERNEL32.dll
 0002:00000114       \177KERNEL32_NULL_THUNK_DATA 10014114     kernel32:KERNEL32.dll
 0002:00000118       ___xc_a                    10014118     LIBCMT:crt0init.obj
 0002:0000011c       ___xc_z                    1001411c     LIBCMT:crt0init.obj
 0002:00000120       ___xi_a                    10014120     LIBCMT:crt0init.obj
 0002:00000134       ___xi_z                    10014134     LIBCMT:crt0init.obj
 0002:00000138       ___xp_a                    10014138     LIBCMT:crt0init.obj
 0002:00000144       ___xp_z                    10014144     LIBCMT:crt0init.obj
 0002:00000148       ___xt_a                    10014148     LIBCMT:crt0init.obj
 0002:0000014c       ___xt_z                    1001414c     LIBCMT:crt0init.obj
 0002:0000016c       __pRawDllMain              1001416c     LIBCMT:dllcrt0.obj
 0002:0000016c       __pDefaultRawDllMain       1001416c     LIBCMT:dllcrt0.obj
 0002:00000178       ??_C@_1O@CEDCILHN@?$AA?$CI?$AAn?$AAu?$AAl?$AAl?$AA?$CJ?$AA?$AA@ 10014178     LIBCMT:output.obj
 0002:00000188       ??_C@_06OJHGLDPL@?$CInull?$CJ?$AA@ 10014188     LIBCMT:output.obj
 0002:00000190       ___lookuptable             10014190     LIBCMT:output.obj
 0002:000001ec       ??_C@_0O@NLDKAIKN@EncodePointer?$AA@ 100141ec     LIBCMT:tidtable.obj
 0002:000001fc       ??_C@_1BK@DBDEIDLH@?$AAK?$AAE?$AAR?$AAN?$AAE?$AAL?$AA3?$AA2?$AA?4?$AAD?$AAL?$AAL?$AA?$AA@ 100141fc     LIBCMT:tidtable.obj
 0002:00000218       ??_C@_0O@KBPMFGHI@DecodePointer?$AA@ 10014218     LIBCMT:tidtable.obj
 0002:00000228       ??_C@_07PEJMOBNF@FlsFree?$AA@ 10014228     LIBCMT:tidtable.obj
 0002:00000230       ??_C@_0M@JCPCPOEF@FlsSetValue?$AA@ 10014230     LIBCMT:tidtable.obj
 0002:0000023c       ??_C@_0M@GDNOONDI@FlsGetValue?$AA@ 1001423c     LIBCMT:tidtable.obj
 0002:00000248       ??_C@_08KNHFBNJ@FlsAlloc?$AA@ 10014248     LIBCMT:tidtable.obj
 0002:00000254       ??_C@_0P@MIGLKIOC@CorExitProcess?$AA@ 10014254     LIBCMT:crt0dat.obj
 0002:00000264       ??_C@_1BI@BGOHAHKC@?$AAm?$AAs?$AAc?$AAo?$AAr?$AAe?$AAe?$AA?4?$AAd?$AAl?$AAl?$AA?$AA@ 10014264     LIBCMT:crt0dat.obj
 0002:00000280       __XcptActTab               10014280     LIBCMT:winxfltr.obj
 0002:00000378       ___lookuptable_s           10014378     LIBCMT:outputs.obj
 0002:000003d4       ??_C@_0P@GGKDKEEG@runtime?5error?5?$AA@ 100143d4     LIBCMT:crt0msg.obj
 0002:000003e4       ??_C@_02PCIJFNDE@?$AN?6?$AA@ 100143e4     LIBCMT:crt0msg.obj
 0002:000003e8       ??_C@_0O@MJNIPGOH@TLOSS?5error?$AN?6?$AA@ 100143e8     LIBCMT:crt0msg.obj
 0002:000003f8       ??_C@_0N@BONNPDHF@SING?5error?$AN?6?$AA@ 100143f8     LIBCMT:crt0msg.obj
 0002:00000408       ??_C@_0P@MBDAJNE@DOMAIN?5error?$AN?6?$AA@ 10014408     LIBCMT:crt0msg.obj
 0002:00000418       ??_C@_0JL@DFDOOABL@R6034?$AN?6An?5application?5has?5made?5a@ 10014418     LIBCMT:crt0msg.obj
 0002:000004b8       ??_C@_0PH@EPAFIJ@R6033?$AN?6?9?5Attempt?5to?5use?5MSIL?5cod@ 100144b8     LIBCMT:crt0msg.obj
 0002:000005b0       ??_C@_0DD@BKEEABMM@R6032?$AN?6?9?5not?5enough?5space?5for?5lo@ 100145b0     LIBCMT:crt0msg.obj
 0002:000005e8       ??_C@_0GD@OFKILIED@R6031?$AN?6?9?5Attempt?5to?5initialize?5t@ 100145e8     LIBCMT:crt0msg.obj
 0002:0000064c       ??_C@_0BP@LPMHJOKI@R6030?$AN?6?9?5CRT?5not?5initialized?$AN?6?$AA@ 1001464c     LIBCMT:crt0msg.obj
 0002:0000066c       ??_C@_0CF@KJDAIALP@R6028?$AN?6?9?5unable?5to?5initialize?5he@ 1001466c     LIBCMT:crt0msg.obj
 0002:00000694       ??_C@_0DF@GAKBPDFP@R6027?$AN?6?9?5not?5enough?5space?5for?5lo@ 10014694     LIBCMT:crt0msg.obj
 0002:000006cc       ??_C@_0DF@IBLNNAIG@R6026?$AN?6?9?5not?5enough?5space?5for?5st@ 100146cc     LIBCMT:crt0msg.obj
 0002:00000704       ??_C@_0CG@IOHKGFNJ@R6025?$AN?6?9?5pure?5virtual?5function?5c@ 10014704     LIBCMT:crt0msg.obj
 0002:0000072c       ??_C@_0DF@JIJJFJDC@R6024?$AN?6?9?5not?5enough?5space?5for?5_o@ 1001472c     LIBCMT:crt0msg.obj
 0002:00000764       ??_C@_0CJ@EGEJHFME@R6019?$AN?6?9?5unable?5to?5open?5console?5@ 10014764     LIBCMT:crt0msg.obj
 0002:00000790       ??_C@_0CB@GNHNIELH@R6018?$AN?6?9?5unexpected?5heap?5error?$AN?6@ 10014790     LIBCMT:crt0msg.obj
 0002:000007b4       ??_C@_0CN@FOLDKNG@R6017?$AN?6?9?5unexpected?5multithread?5@ 100147b4     LIBCMT:crt0msg.obj
 0002:000007e4       ??_C@_0CM@FAHFJNHO@R6016?$AN?6?9?5not?5enough?5space?5for?5th@ 100147e4     LIBCMT:crt0msg.obj
 0002:00000810       ??_C@_0JG@LBKMGKLD@?$AN?6This?5application?5has?5requested@ 10014810     LIBCMT:crt0msg.obj
 0002:000008a8       ??_C@_0CM@FLCNIPKK@R6009?$AN?6?9?5not?5enough?5space?5for?5en@ 100148a8     LIBCMT:crt0msg.obj
 0002:000008d4       ??_C@_0CK@KMMJOAPP@R6008?$AN?6?9?5not?5enough?5space?5for?5ar@ 100148d4     LIBCMT:crt0msg.obj
 0002:00000900       ??_C@_0CN@LEKKICBM@R6002?$AN?6?9?5floating?5point?5support?5@ 10014900     LIBCMT:crt0msg.obj
 0002:00000930       ??_C@_0CF@GOGNBNAK@Microsoft?5Visual?5C?$CL?$CL?5Runtime?5Lib@ 10014930     LIBCMT:crt0msg.obj
 0002:00000958       ??_C@_02PHMGELLB@?6?6?$AA@ 10014958     LIBCMT:crt0msg.obj
 0002:0000095c       ??_C@_03KHICJKCI@?4?4?4?$AA@ 1001495c     LIBCMT:crt0msg.obj
 0002:00000960       ??_C@_0BH@DNAGHKFM@?$DMprogram?5name?5unknown?$DO?$AA@ 10014960     LIBCMT:crt0msg.obj
 0002:00000978       ??_C@_0BK@OFGJDLJJ@Runtime?5Error?$CB?6?6Program?3?5?$AA@ 10014978     LIBCMT:crt0msg.obj
 0002:00000994       ??_C@_13NOLLCAOD@?$AA?$AA?$AA?$AA@ 10014994     LIBCMT:a_map.obj
 0002:00000998       ___newctype                10014998     LIBCMT:ctype.obj
 0002:00000c98       __wctype                   10014c98     LIBCMT:ctype.obj
 0002:00000ea0       ___newclmap                10014ea0     LIBCMT:ctype.obj
 0002:00001020       ___newcumap                10015020     LIBCMT:ctype.obj
 0002:000011a0       ??_C@_08JCCMCCIL@HH?3mm?3ss?$AA@ 100151a0     LIBCMT:strftime.obj
 0002:000011ac       ??_C@_0BE@CKGJFCPC@dddd?0?5MMMM?5dd?0?5yyyy?$AA@ 100151ac     LIBCMT:strftime.obj
 0002:000011c0       ??_C@_08BPBNCDIB@MM?1dd?1yy?$AA@ 100151c0     LIBCMT:strftime.obj
 0002:000011cc       ??_C@_02CJNFDJBF@PM?$AA@   100151cc     LIBCMT:strftime.obj
 0002:000011d0       ??_C@_02DEDBPAFC@AM?$AA@   100151d0     LIBCMT:strftime.obj
 0002:000011d4       ??_C@_08EDHMEBNP@December?$AA@ 100151d4     LIBCMT:strftime.obj
 0002:000011e0       ??_C@_08HCHEGEOA@November?$AA@ 100151e0     LIBCMT:strftime.obj
 0002:000011ec       ??_C@_07JJNFCEND@October?$AA@ 100151ec     LIBCMT:strftime.obj
 0002:000011f4       ??_C@_09BHHEALKD@September?$AA@ 100151f4     LIBCMT:strftime.obj
 0002:00001200       ??_C@_06LBBHFDDG@August?$AA@ 10015200     LIBCMT:strftime.obj
 0002:00001208       ??_C@_04MIEPOIFP@July?$AA@ 10015208     LIBCMT:strftime.obj
 0002:00001210       ??_C@_04CNLMGBGM@June?$AA@ 10015210     LIBCMT:strftime.obj
 0002:00001218       ??_C@_05DMJDNLEJ@April?$AA@ 10015218     LIBCMT:strftime.obj
 0002:00001220       ??_C@_05HPCKOFNC@March?$AA@ 10015220     LIBCMT:strftime.obj
 0002:00001228       ??_C@_08GNJGEPFN@February?$AA@ 10015228     LIBCMT:strftime.obj
 0002:00001234       ??_C@_07CGJPFGJA@January?$AA@ 10015234     LIBCMT:strftime.obj
 0002:0000123c       ??_C@_03MKABNOCG@Dec?$AA@  1001523c     LIBCMT:strftime.obj
 0002:00001240       ??_C@_03JPJOFNIA@Nov?$AA@  10015240     LIBCMT:strftime.obj
 0002:00001244       ??_C@_03BMAOKBAD@Oct?$AA@  10015244     LIBCMT:strftime.obj
 0002:00001248       ??_C@_03GGCAPAJC@Sep?$AA@  10015248     LIBCMT:strftime.obj
 0002:0000124c       ??_C@_03IFJFEIGA@Aug?$AA@  1001524c     LIBCMT:strftime.obj
 0002:00001250       ??_C@_03LBGABGKK@Jul?$AA@  10015250     LIBCMT:strftime.obj
 0002:00001254       ??_C@_03IDFGHECI@Jun?$AA@  10015254     LIBCMT:strftime.obj
 0002:00001258       ??_C@_03CNMDKL@May?$AA@    10015258     LIBCMT:strftime.obj
 0002:0000125c       ??_C@_03LEOLGMJP@Apr?$AA@  1001525c     LIBCMT:strftime.obj
 0002:00001260       ??_C@_03ODNJBKGA@Mar?$AA@  10015260     LIBCMT:strftime.obj
 0002:00001264       ??_C@_03HJBDCHOM@Feb?$AA@  10015264     LIBCMT:strftime.obj
 0002:00001268       ??_C@_03JIHJHPIE@Jan?$AA@  10015268     LIBCMT:strftime.obj
 0002:0000126c       ??_C@_08INBOOONO@Saturday?$AA@ 1001526c     LIBCMT:strftime.obj
 0002:00001278       ??_C@_06JECMNKMI@Friday?$AA@ 10015278     LIBCMT:strftime.obj
 0002:00001280       ??_C@_08HACCIKIA@Thursday?$AA@ 10015280     LIBCMT:strftime.obj
 0002:0000128c       ??_C@_09DLIGFAKA@Wednesday?$AA@ 1001528c     LIBCMT:strftime.obj
 0002:00001298       ??_C@_07BAAGCFCM@Tuesday?$AA@ 10015298     LIBCMT:strftime.obj
 0002:000012a0       ??_C@_06JLEDEDGH@Monday?$AA@ 100152a0     LIBCMT:strftime.obj
 0002:000012a8       ??_C@_06OOPIFAJ@Sunday?$AA@ 100152a8     LIBCMT:strftime.obj
 0002:000012b0       ??_C@_03FEFJNEK@Sat?$AA@   100152b0     LIBCMT:strftime.obj
 0002:000012b4       ??_C@_03IDIOELNC@Fri?$AA@  100152b4     LIBCMT:strftime.obj
 0002:000012b8       ??_C@_03IOFIKPDN@Thu?$AA@  100152b8     LIBCMT:strftime.obj
 0002:000012bc       ??_C@_03MHOMLAJA@Wed?$AA@  100152bc     LIBCMT:strftime.obj
 0002:000012c0       ??_C@_03NAGEINEP@Tue?$AA@  100152c0     LIBCMT:strftime.obj
 0002:000012c4       ??_C@_03PDAGKDH@Mon?$AA@   100152c4     LIBCMT:strftime.obj
 0002:000012c8       ??_C@_03KOEHGMDN@Sun?$AA@  100152c8     LIBCMT:strftime.obj
 0002:000012cc       ??_C@_0BI@DFKBFLJE@GetProcessWindowStation?$AA@ 100152cc     LIBCMT:crtmbox.obj
 0002:000012e4       ??_C@_0BK@CIDNPOGP@GetUserObjectInformationA?$AA@ 100152e4     LIBCMT:crtmbox.obj
 0002:00001300       ??_C@_0BD@HHGDFDBJ@GetLastActivePopup?$AA@ 10015300     LIBCMT:crtmbox.obj
 0002:00001314       ??_C@_0BA@HNOPNCHB@GetActiveWindow?$AA@ 10015314     LIBCMT:crtmbox.obj
 0002:00001324       ??_C@_0M@CHKKJDAI@MessageBoxA?$AA@ 10015324     LIBCMT:crtmbox.obj
 0002:00001330       ??_C@_0L@NDEGIDAG@USER32?4DLL?$AA@ 10015330     LIBCMT:crtmbox.obj
 0002:0000133c       ??_C@_07GPDNMNG@CONOUT$?$AA@ 1001533c     LIBCMT:initcon.obj
 0002:00001344       ___dnames                  10015344     LIBCMT:timeset.obj
 0002:0000135c       ___mnames                  1001535c     LIBCMT:timeset.obj
 0002:00001384       ??_C@_0P@GHFPNOJB@bad?5allocation?$AA@ 10015384     WoG_Native_Dialogs.obj
 0002:00001394       ??_C@_0BA@FDLNIKIG@patcher_x86?4dll?$AA@ 10015394     WoG_Native_Dialogs.obj
 0002:000013a4       ??_C@_0BB@CKHJKIEB@_GetPatcherX86?$EA0?$AA@ 100153a4     WoG_Native_Dialogs.obj
 0002:000013b5       ??_C@_00CNPNBAHC@?$AA@     100153b5     WoG_Native_Dialogs.obj
 0002:000013b8       ??_C@_02DPKJAMEF@?$CFd?$AA@ 100153b8     WoG_Native_Dialogs.obj
 0002:000013bc       ??_C@_0N@NGJLFBMI@DiBoxBck?4pcx?$AA@ 100153bc     WoG_Native_Dialogs.obj
 0002:000013cc       ??_C@_0N@FGPGDOPK@dialgbox?4def?$AA@ 100153cc     WoG_Native_Dialogs.obj
 0002:000013dc       ??_C@_0M@MPHGJLDC@medfont?4fnt?$AA@ 100153dc     WoG_Native_Dialogs.obj
 0002:000013e8       ??_C@_04HGGBINEM@?$CFs?$CFd?$AA@ 100153e8     WoG_Native_Dialogs.obj
 0002:000013f0       ??_C@_04HDOCAJNK@?$CFs?$CFs?$AA@ 100153f0     WoG_Native_Dialogs.obj
 0002:000013f8       ??_C@_0N@NPKKJJND@Dlg_NPC1?4def?$AA@ 100153f8     WoG_Native_Dialogs.obj
 0002:00001408       ??_C@_0N@FJDOOLHN@Dlg_NPC2?4def?$AA@ 10015408     WoG_Native_Dialogs.obj
 0002:00001418       ??_C@_0N@JCGCDINI@Dlg_NPC3?4def?$AA@ 10015418     WoG_Native_Dialogs.obj
 0002:00001428       ??_C@_06GNDJBPCO@?$CFs?6?6?$CFs?$AA@ 10015428     WoG_Native_Dialogs.obj
 0002:00001430       ??_C@_0N@CNMFKAFE@Dlg_NPCn?4pcx?$AA@ 10015430     WoG_Native_Dialogs.obj
 0002:00001440       ??_C@_0N@EENEFCAM@Dlg_NPCu?4pcx?$AA@ 10015440     WoG_Native_Dialogs.obj
 0002:00001450       ??_C@_02DKCKIIND@?$CFs?$AA@ 10015450     WoG_Native_Dialogs.obj
 0002:00001454       ??_C@_09LMPOHIL@iOkay?4def?$AA@ 10015454     WoG_Native_Dialogs.obj
 0002:00001460       ??_C@_0M@FDLELLEC@hsbtns2?4def?$AA@ 10015460     WoG_Native_Dialogs.obj
 0002:0000146c       ??_C@_0N@PHACKENN@AdRollvr?4pcx?$AA@ 1001546c     WoG_Native_Dialogs.obj
 0002:0000147c       ??_C@_0N@BPOHDIOD@smalfont?4fnt?$AA@ 1001547c     WoG_Native_Dialogs.obj
 0002:0000148c       ??_C@_0N@CGENNOHJ@artifact?4def?$AA@ 1001548c     WoG_Native_Dialogs.obj
 0002:0000149c       ??_C@_07DONLOGLK@?$CFd?5?$CI?$CFd?$CJ?$AA@ 1001549c     WoG_Native_Dialogs.obj
 0002:000014a4       ??_C@_07PFGKEPEH@?$CFd?5?9?5?$CFd?$AA@ 100154a4     WoG_Native_Dialogs.obj
 0002:000014ac       ??_C@_04FCMNJMCO@?$CFd?$CF?$CF?$AA@ 100154ac     WoG_Native_Dialogs.obj
 0002:000014b4       ??_C@_0L@JIMPALKB@PSKILL?4def?$AA@ 100154b4     WoG_Native_Dialogs.obj
 0002:000014c0       ??_C@_0M@FMMPCNIH@bigfont?4fnt?$AA@ 100154c0     WoG_Native_Dialogs.obj
 0002:000014cc       ??_C@_07JMKCEEPK@?$CFs?5?$CI?$CFd?$CJ?$AA@ 100154cc     WoG_Native_Dialogs.obj
 0002:000014d4       ??_C@_09PCPEDHFE@?$CFd?$CF?$CF?5?$CI?$CFd?$CJ?$AA@ 100154d4     WoG_Native_Dialogs.obj
 0002:000014e0       ??_C@_03DMDECJFG@?$CFhf?$AA@ 100154e0     WoG_Native_Dialogs.obj
 0002:000014e4       ??_C@_0N@HPLADLMK@Box64x30?4pcx?$AA@ 100154e4     WoG_Native_Dialogs.obj
 0002:000014f4       ??_C@_0O@BBFJMKLN@radiobttn?4def?$AA@ 100154f4     WoG_Native_Dialogs.obj
 0002:00001504       ??_C@_02PNHBFOHM@Ok?$AA@   10015504     WoG_Native_Dialogs.obj
 0002:00001508       ??_C@_03OFAPEBGM@?$CFs?6?$AA@ 10015508     WoG_Native_Dialogs.obj
 0002:0000150c       ??_C@_08MNBIIGN@?$CFs?6?6?5?$CFs?6?$AA@ 1001550c     WoG_Native_Dialogs.obj
 0002:00001518       ??_C@_0O@EGGGBKCF@DlgExpMon?4def?$AA@ 10015518     WoG_Native_Dialogs.obj
 0002:00001528       ??_C@_0N@ILHBCDMB@DlgExpUp?4def?$AA@ 10015528     WoG_Native_Dialogs.obj
 0002:00001538       ??_C@_0M@FAHDJJHB@verd10b?4fnt?$AA@ 10015538     WoG_Native_Dialogs.obj
 0002:00001544       ??_C@_0N@EELMKJEE@twcrport?4def?$AA@ 10015544     WoG_Native_Dialogs.obj
 0002:00001554       ??_C@_0N@JFDDJFIM@Artifact?4def?$AA@ 10015554     WoG_Native_Dialogs.obj
 0002:00001564       ??_C@_08OFBPMKML@tiny?4fnt?$AA@ 10015564     WoG_Native_Dialogs.obj
 0002:00001570       ??_C@_04OMBFFHIC@?$HL?$CFs?$HN?$AA@ 10015570     WoG_Native_Dialogs.obj
 0002:00001578       ??_C@_0N@BHMGKPNG@checkbox?4def?$AA@ 10015578     WoG_Native_Dialogs.obj
 0002:00001588       ??_C@_0BD@GIFCLHII@WoG_Native_Dialogs?$AA@ 10015588     WoG_Native_Dialogs.obj
 0002:0000159c       ??_C@_02MFEGOEMP@?$CFn?$AA@ 1001559c     WoG_Native_Dialogs.obj
 0002:000015a0       __real@3fe0000000000000    100155a0      CIL library: CIL module
 0002:000015a8       __FPinit                   100155a8     LIBCMT:_fpinit_.obj
 0002:000015ac       __FPmtinit                 100155ac     LIBCMT:_fpinit_.obj
 0002:000015b0       __FPmtterm                 100155b0     LIBCMT:_fpinit_.obj
 0002:000015b4       ??_C@_05KLBDPFGC@e?$CL000?$AA@ 100155b4     LIBCMT:cvt.obj
 0002:000015c0       __real@4150017ec0000000    100155c0     LIBCMT:_testfdiv_.obj
 0002:000015c8       __real@4147ffff80000000    100155c8     LIBCMT:_testfdiv_.obj
 0002:000015d0       ??_C@_0BK@NHEOCAHP@IsProcessorFeaturePresent?$AA@ 100155d0     LIBCMT:_testfdiv_.obj
 0002:000015ec       ??_C@_08CPNIBGIE@KERNEL32?$AA@ 100155ec     LIBCMT:_testfdiv_.obj
 0002:000015f8       ??_C@_06IMKFLFPG@1?$CDQNAN?$AA@ 100155f8     LIBCMT:_x10fout_.obj
 0002:00001600       ??_C@_05DNEBIAHO@1?$CDINF?$AA@ 10015600     LIBCMT:_x10fout_.obj
 0002:00001608       ??_C@_05PHHOCPM@1?$CDIND?$AA@ 10015608     LIBCMT:_x10fout_.obj
 0002:00001610       ??_C@_06PGGFOGJG@1?$CDSNAN?$AA@ 10015610     LIBCMT:_x10fout_.obj
 0002:00001618       __load_config_used         10015618     LIBCMT:loadcfg.obj
 0002:000016c0       ___safe_se_handler_table   100156c0     <linker-defined>
 0002:000016cc       ___rtc_iaa                 100156cc     LIBCMT:_initsect_.obj
 0002:000016d0       ___rtc_izz                 100156d0     LIBCMT:_initsect_.obj
 0002:000016d4       ___rtc_taa                 100156d4     LIBCMT:_initsect_.obj
 0002:000016d8       ___rtc_tzz                 100156d8     LIBCMT:_initsect_.obj
 0002:00001a94       __IMPORT_DESCRIPTOR_KERNEL32 10015a94     kernel32:KERNEL32.dll
 0002:00001aa8       __NULL_IMPORT_DESCRIPTOR   10015aa8     kernel32:KERNEL32.dll
 0003:00000000       ___security_cookie         10017000     LIBCMT:gs_cookie.obj
 0003:00000004       ___security_cookie_complement 10017004     LIBCMT:gs_cookie.obj
 0003:00000008       ___nullstring              10017008     LIBCMT:output.obj
 0003:0000000c       ___wnullstring             1001700c     LIBCMT:output.obj
 0003:00000180       ___flsindex                10017180     LIBCMT:tidtable.obj
 0003:00000184       ___getvalueindex           10017184     LIBCMT:tidtable.obj
 0003:00000188       __aexit_rtn                10017188     LIBCMT:crt0dat.obj
 0003:00000190       ___badioinfo               10017190     LIBCMT:ioinit.obj
 0003:000001d0       __amblksiz                 100171d0     LIBCMT:heapinit.obj
 0003:000001d4       __First_FPE_Indx           100171d4     LIBCMT:winxfltr.obj
 0003:000001d8       __Num_FPE                  100171d8     LIBCMT:winxfltr.obj
 0003:000001dc       __XcptActTabSize           100171dc     LIBCMT:winxfltr.obj
 0003:000001e0       __XcptActTabCount          100171e0     LIBCMT:winxfltr.obj
 0003:000001e8       __iob                      100171e8     LIBCMT:_file.obj
 0003:00000468       ___initialmbcinfo          10017468     LIBCMT:mbctype.obj
 0003:00000688       __mbctype                  10017688     LIBCMT:mbctype.obj
 0003:00000790       __mbcasemap                10017790     LIBCMT:mbctype.obj
 0003:00000890       ___ptmbcinfo               10017890     LIBCMT:mbctype.obj
 0003:0000098c       ___globallocalestatus      1001798c     LIBCMT:glstatus.obj
 0003:00000990       ___clocalestr              10017990     LIBCMT:nlsdata2.obj
 0003:00000998       ___initiallocinfo          10017998     LIBCMT:nlsdata2.obj
 0003:00000a70       ___ptlocinfo               10017a70     LIBCMT:nlsdata2.obj
 0003:00000a74       ___lc_clike                10017a74     LIBCMT:nlsdata2.obj
 0003:00000a78       ___initiallocalestructinfo 10017a78     LIBCMT:nlsdata2.obj
 0003:00000a80       __cfltcvt_tab              10017a80     LIBCMT:cmiscdat.obj
 0003:00000ca0       __pctype                   10017ca0     LIBCMT:ctype.obj
 0003:00000ca4       __pwctype                  10017ca4     LIBCMT:ctype.obj
 0003:00000ca8       ___lc_time_c               10017ca8     LIBCMT:strftime.obj
 0003:00000d60       ___lc_time_curr            10017d60     LIBCMT:strftime.obj
 0003:00000d64       ___lconv_static_decimal    10017d64     LIBCMT:lconv.obj
 0003:00000d68       ___lconv_c                 10017d68     LIBCMT:lconv.obj
 0003:00000d98       ___lconv                   10017d98     LIBCMT:lconv.obj
 0003:00000d9c       ___mb_cur_max              10017d9c     LIBCMT:nlsdata1.obj
 0003:00000da0       ___decimal_point           10017da0     LIBCMT:nlsdata1.obj
 0003:00000da4       ___decimal_point_length    10017da4     LIBCMT:nlsdata1.obj
 0003:00000db0       ___abort_behavior          10017db0     LIBCMT:abort.obj
 0003:00000db4       __NLG_Destination          10017db4     LIBCMT:exsup.obj
 0003:00000dc4       __coninpfh                 10017dc4     LIBCMT:initcon.obj
 0003:00000dc8       __confh                    10017dc8     LIBCMT:initcon.obj
 0003:00000dd0       __timezone                 10017dd0     LIBCMT:timeset.obj
 0003:00000dd4       __daylight                 10017dd4     LIBCMT:timeset.obj
 0003:00000dd8       __dstbias                  10017dd8     LIBCMT:timeset.obj
 0003:00000e60       __tzname                   10017e60     LIBCMT:timeset.obj
 0003:00000e80       __lpdays                   10017e80     LIBCMT:days.obj
 0003:00000eb4       __days                     10017eb4     LIBCMT:days.obj
 0003:00000ef8       ?v_table_funcs@_CustomDlg_@@2PAIA 10017ef8     HoMM3_GUI.obj
 0003:00000f38       __fltused                  10017f38     LIBCMT:_fpinit_.obj
 0003:00000f3c       __ldused                   10017f3c     LIBCMT:_fpinit_.obj
 0003:00000f70       __pow10pos                 10017f70     LIBCMT:_constpow_.obj
 0003:000010d0       __pow10neg                 100180d0     LIBCMT:_constpow_.obj
 0003:00001264       __aenvptr                  10018264     LIBCMT:dllcrt0.obj
 0003:00001268       __wenvptr                  10018268     LIBCMT:dllcrt0.obj
 0003:0000126c       ___error_mode              1001826c     LIBCMT:dllcrt0.obj
 0003:00001270       ___app_type                10018270     LIBCMT:dllcrt0.obj
 0003:0000159c       ___pInvalidArgHandler      1001859c     LIBCMT:invarg.obj
 0003:000015a0       _gpFlsAlloc                100185a0     LIBCMT:tidtable.obj
 0003:000015a4       _gpFlsGetValue             100185a4     LIBCMT:tidtable.obj
 0003:000015a8       _gpFlsSetValue             100185a8     LIBCMT:tidtable.obj
 0003:000015ac       _gpFlsFree                 100185ac     LIBCMT:tidtable.obj
 0003:000015b0       __maxwait                  100185b0     LIBCMT:crtheap.obj
 0003:000015b4       __umaskval                 100185b4     LIBCMT:crt0dat.obj
 0003:000015b8       ___argc                    100185b8     LIBCMT:crt0dat.obj
 0003:000015bc       ___argv                    100185bc     LIBCMT:crt0dat.obj
 0003:000015c0       ___wargv                   100185c0     LIBCMT:crt0dat.obj
 0003:000015c4       __environ                  100185c4     LIBCMT:crt0dat.obj
 0003:000015c8       ___initenv                 100185c8     LIBCMT:crt0dat.obj
 0003:000015cc       __wenviron                 100185cc     LIBCMT:crt0dat.obj
 0003:000015d0       ___winitenv                100185d0     LIBCMT:crt0dat.obj
 0003:000015d4       __pgmptr                   100185d4     LIBCMT:crt0dat.obj
 0003:000015d8       __wpgmptr                  100185d8     LIBCMT:crt0dat.obj
 0003:000015dc       __exitflag                 100185dc     LIBCMT:crt0dat.obj
 0003:000015e0       __C_Termination_Done       100185e0     LIBCMT:crt0dat.obj
 0003:000015e4       __C_Exit_Done              100185e4     LIBCMT:crt0dat.obj
 0003:000016f4       __crtheap                  100186f4     LIBCMT:heapinit.obj
 0003:000016f8       __cflush                   100186f8     LIBCMT:_file.obj
 0003:00001700       ___mbulinfo                10018700     LIBCMT:mbctype.obj
 0003:0000170c       ___mbcodepage              1001870c     LIBCMT:mbctype.obj
 0003:00001710       ___ismbcodepage            10018710     LIBCMT:mbctype.obj
 0003:00001714       ___mblcid                  10018714     LIBCMT:mbctype.obj
 0003:00001718       ___locale_changed          10018718     LIBCMT:setlocal.obj
 0003:0000171c       ___lc_handle               1001871c     LIBCMT:nlsdata2.obj
 0003:00001734       ___lc_codepage             10018734     LIBCMT:nlsdata2.obj
 0003:00001738       ___lc_collate_cp           10018738     LIBCMT:nlsdata2.obj
 0003:00001890       ___sbh_pHeaderDefer        10018890     LIBCMT:sbheap.obj
 0003:00001bac       ?__pInconsistency@@3P6AXXZA 10018bac     LIBCMT:hooks.obj
 0003:00001bd0       ___pPurecall               10018bd0     LIBCMT:inithelp.obj
 0003:00001bd8       ?_pnhHeap@@3P6AHI@ZA       10018bd8     LIBCMT:handler.obj
 0003:00001be4       ___lconv_static_null       10018be4     LIBCMT:lconv.obj
 0003:00001be8       __stdbuf                   10018be8     LIBCMT:_sftbuf.obj
 0003:00001bf0       __newmode                  10018bf0     LIBCMT:_newmode.obj
 0003:00001cc0       ?klick@@3PAHA              10018cc0     WoG_Native_Dialogs.obj
 0003:00001cc8       ?skill_up@@3PAY02HA        10018cc8     WoG_Native_Dialogs.obj
 0003:00001d10       ?_PI@@3PAVPatcherInstance@@A 10018d10     WoG_Native_Dialogs.obj
 0003:00001d14       ?_P@@3PAVPatcher@@A        10018d14     WoG_Native_Dialogs.obj
 0003:00001d18       ?CommDef@@3PAU_DlgStaticDef_@@A 10018d18     WoG_Native_Dialogs.obj
 0003:00001d1c       ?startDlg@@3PAHA           10018d1c     WoG_Native_Dialogs.obj
 0003:00001d28       ?redraw_Dlg_hero@@3HA      10018d28     WoG_Native_Dialogs.obj
 0003:00001d2c       ?time_click@@3HA           10018d2c     WoG_Native_Dialogs.obj
 0003:00001d30       ?num_skill_up@@3HA         10018d30     WoG_Native_Dialogs.obj
 0003:00001d34       ?statbar@@3PAU_DlgStaticTextPcx8ed_@@A 10018d34     WoG_Native_Dialogs.obj
 0003:00001d38       ?art_npc_155@@3_NA         10018d38     WoG_Native_Dialogs.obj
 0003:00001d3c       ?str_num_hook@@3HA         10018d3c     WoG_Native_Dialogs.obj
 0003:00001d40       ?calls_count@?1??GetPatcher@@YAPAVPatcher@@XZ@4HA 10018d40     WoG_Native_Dialogs.obj
 0003:00001d48       ___fastflag                10018d48     LIBCMT:_fpinit_.obj
 0003:00001d4c       __adjust_fdiv              10018d4c     LIBCMT:_fpinit_.obj
 0003:00001d50       __outputformat             10018d50     LIBCMT:outputformat.obj
 0003:00001d54       ___sse2_available          10018d54     <common>
 0003:00001d58       ___sbh_cntHeaderList       10018d58     <common>
 0003:00001d5c       ___sbh_pHeaderList         10018d5c     <common>
 0003:00001d60       ___sbh_threshold           10018d60     <common>
 0003:00001d64       ___sbh_pHeaderScan         10018d64     <common>
 0003:00001d68       ___sbh_sizeHeaderList      10018d68     <common>
 0003:00001d6c       ___sbh_indGroupDefer       10018d6c     <common>
 0003:00001d70       ___piob                    10018d70     <common>
 0003:00001d80       __bufin                    10018d80     <common>
 0003:00002d80       __nstream                  10019d80     <common>
 0003:00002d84       __debugger_hook_dummy      10019d84     <common>
 0003:00002d88       __pDestructExceptionObject 10019d88     <common>
 0003:00002d8c       ___active_heap             10019d8c     <common>
 0003:00002d90       __nhandle                  10019d90     <common>
 0003:00002da0       ___pioinfo                 10019da0     <common>
 0003:00002ea0       ___env_initialized         10019ea0     <common>
 0003:00002ea4       ___onexitend               10019ea4     <common>
 0003:00002ea8       ___onexitbegin             10019ea8     <common>
 0003:00002eac       ___mbctype_initialized     10019eac     <common>
 0003:00002eb0       ___dyn_tls_init_callback   10019eb0     <common>
 0003:00002eb4       __acmdln                   10019eb4     <common>

 entry point at        0001:00006680

 Static symbols

 0001:0000658a       ___DllMainCRTStartup       1000758a f   LIBCMT:dllcrt0.obj
 0001:00006994       _write_char                10007994 f   LIBCMT:output.obj
 0001:000069c7       _write_multi_char          100079c7 f   LIBCMT:output.obj
 0001:000069ed       _write_string              100079ed f   LIBCMT:output.obj
 0001:00007fe0       __initterm                 10008fe0 f   LIBCMT:crt0dat.obj
 0001:000080a6       _doexit                    100090a6 f   LIBCMT:crt0dat.obj
 0001:000085c5       _parse_cmdline             100095c5 f   LIBCMT:stdargv.obj
 0001:00009a8b       ?CPtoLCID@@YAHH@Z          1000aa8b f   LIBCMT:mbctype.obj
 0001:00009aba       ?setSBCS@@YAXPAUthreadmbcinfostruct@@@Z 1000aaba f   LIBCMT:mbctype.obj
 0001:00009b1e       ?setSBUpLow@@YAXPAUthreadmbcinfostruct@@@Z 1000ab1e f   LIBCMT:mbctype.obj
 0001:00009d55       ?getSystemCP@@YAHH@Z       1000ad55 f   LIBCMT:mbctype.obj
 0001:0000a3df       __updatetlocinfoEx_nolock  1000b3df f   LIBCMT:setlocal.obj
 0001:0000baf3       __onexit_nolock            1000caf3 f   LIBCMT:onexit.obj
 0001:0000bdf5       _siglookup                 1000cdf5 f   LIBCMT:winsig.obj
 0001:0000c115       ?x_ismbbtype_l@@YAHPAUlocaleinfo_struct@@IHH@Z 1000d115 f   LIBCMT:ismbbyte.obj
 0001:0000c578       __unwind_handler4          1000d578 f   LIBCMT:exsup4.obj
 0001:0000cb7a       _flsall                    1000db7a f   LIBCMT:fflush.obj
 0001:0000cc7d       ?__crtLCMapStringA_stat@@YAHPAUlocaleinfo_struct@@KKPBDHPADHHH@Z 1000dc7d f   LIBCMT:a_map.obj
 0001:0000d067       ?__crtGetStringTypeA_stat@@YAHPAUlocaleinfo_struct@@KPBDHPAGHHH@Z 1000e067 f   LIBCMT:a_str.obj
 0001:0000d719       _fastzero_I                1000e719 f   LIBCMT:p4_memset.obj
 0001:0000d7ff       _has_osfxsr_set            1000e7ff f   LIBCMT:cpu_disp.obj
 0001:0000d8be       ?strtoxl@@YAKPAUlocaleinfo_struct@@PBDPAPBDHH@Z 1000e8be f   LIBCMT:strtol.obj
 0001:0000e272       _fastcopy_I                1000f272 f   LIBCMT:p4_memcpy.obj
 0001:0000e3fc       __unwind_handler           1000f3fc f   LIBCMT:exsup.obj
 0001:0000f138       __shift                    10010138 f   LIBCMT:cvt.obj
 0001:0000f17d       __cftoe2_l                 1001017d f   LIBCMT:cvt.obj
 0001:0000f74f       __cftof2_l                 1001074f f   LIBCMT:cvt.obj
 0001:00011adf       __hw_cw                    10012adf f   LIBCMT:_ieee87_.obj
 0001:00011b6d       ___hw_cw_sse2              10012b6d f   LIBCMT:_ieee87_.obj
